Microchip MPLAB XC8 Compiler V1.32 ()

Linker command line:

--edf=/Applications/microchip/xc8/v1.32/dat/en_msgs.txt -cs \
  -h+dist/default/production/flameSimulator.X.production.sym \
  --cmf=dist/default/production/flameSimulator.X.production.cmf -z \
  -Q16F1947 -o/tmp/cgtCQ2j2i \
  -Mdist/default/production/flameSimulator.X.production.map -E1 -ver=XC8 \
  -ASTACK=02130h-0231fh -pstack=STACK -ACONST=00h-0FFhx64 \
  -ACODE=00h-07FFhx8 -ASTRCODE=00h-03FFFh -AENTRY=00h-0FFhx64 \
  -ASTRING=00h-0FFhx64 -ACOMMON=070h-07Fh -ABANK0=020h-06Fh \
  -ABANK1=0A0h-0EFh -ABANK2=0120h-016Fh -ABANK3=01A0h-01EFh \
  -ABANK4=0220h-026Fh -ABANK5=02A0h-02EFh -ABANK6=0320h-036Fh \
  -ABANK7=03A0h-03EFh -ABANK8=0420h-046Fh -ABANK9=04A0h-04EFh \
  -ABANK10=0520h-056Fh -ABANK11=05A0h-05EFh -ABANK12=0620h-064Fh \
  -ABIGRAM=02000h-023EFh \
  -ARAM=020h-06Fh,0A0h-0EFh,0120h-016Fh,01A0h-01EFh,0220h-026Fh,02A0h-02EFh,0320h-036Fh,03A0h-03EFh,0420h-046Fh,04A0h-04EFh,0520h-056Fh,05A0h-05EFh,0620h-064Fh \
  -AABS1=020h-07Fh,0A0h-0EFh,0120h-016Fh,01A0h-01EFh,0220h-026Fh,02A0h-02EFh,0320h-036Fh,03A0h-03EFh,0420h-046Fh,04A0h-04EFh,0520h-056Fh,05A0h-05EFh,0620h-064Fh \
  -ASFR0=00h-01Fh -ASFR1=080h-09Fh -ASFR2=0100h-011Fh -ASFR3=0180h-019Fh \
  -ASFR4=0200h-021Fh -ASFR5=0280h-029Fh -ASFR6=0300h-031Fh \
  -ASFR7=0380h-039Fh -ASFR8=0400h-041Fh -ASFR9=0480h-049Fh \
  -ASFR10=0500h-051Fh -ASFR11=0580h-059Fh -ASFR12=0600h-061Fh \
  -ASFR13=0680h-06EFh -ASFR14=0700h-076Fh -ASFR15=0780h-07EFh \
  -ASFR16=0800h-086Fh -ASFR17=0880h-08EFh -ASFR18=0900h-096Fh \
  -ASFR19=0980h-09EFh -ASFR20=0A00h-0A6Fh -ASFR21=0A80h-0AEFh \
  -ASFR22=0B00h-0B6Fh -ASFR23=0B80h-0BEFh -ASFR24=0C00h-0C6Fh \
  -ASFR25=0C80h-0CEFh -ASFR26=0D00h-0D6Fh -ASFR27=0D80h-0DEFh \
  -ASFR28=0E00h-0E6Fh -ASFR29=0E80h-0EEFh -ASFR30=0F00h-0F6Fh \
  -ASFR31=0F80h-0FEFh -preset_vec=00h,intentry=04h,init,end_init \
  -ppowerup=CODE -pcinit=CODE -pfunctab=CODE -ACONFIG=08007h-08008h \
  -pconfig=CONFIG -DCONFIG=2 -AIDLOC=08000h-08003h -pidloc=IDLOC -DIDLOC=2 \
  -AEEDATA=00h-0FFh/0F000h -peeprom_data=EEDATA -DEEDATA=2 -DCODE=2 \
  -DSTRCODE=2 -DSTRING=2 -DCONST=2 -DENTRY=2 -k /tmp/cgtY7dx9C.obj \
  dist/default/production/flameSimulator.X.production.obj 

Object code version is 3.11

Machine type is 16F1947



                Name                               Link     Load   Length Selector   Space Scale
/tmp/cgtY7dx9C.obj
                end_init                            121      121        2        8       0
                reset_vec                             0        0        2        0       0
                config                             8007     8007        2    1000E       0
dist/default/production/flameSimulator.X.production.obj
                cinit                               123      123       30        8       0
                intentry                              4        4      11D        8       0
                swtext3                            1080     1080       10     2100       0
                text31                             16E9     16E9        6     2DD2       0
                text30                             179C     179C       30     2F38       0
                text29                              A25      A25       56     144A       0
                text28                             1709     1709       12     2E12       0
                text27                              8F5      8F5       48     11EA       0
                text26                             16FB     16FB        E     2DF6       0
                text25                              A7B      A7B       59     14F6       0
                text24                             1776     1776       26     2EEC       0
                text23                             17CC     17CC       34     2F98       0
                text22                              B35      B35       83     166A       0
                text21                              9D1      9D1       54     13A2       0
                text20                              985      985       4C     130A       0
                text19                              495      495      1FA        8       0
                text18                              AD4      AD4       61     15A8       0
                text17                             1754     1754       22     2EA8       0
                text16                              CC4      CC4       A9     1988       0
                text15                              D6D      D6D       B4     1ADA       0
                text14                              801      801        9     1002       0
                text13                             171B     171B       1B     2E36       0
                text12                              8B8      8B8       3D     1170       0
                text11                              68F      68F       F6        8       0
                text10                              840      840       3C     1080       0
                text9                               C3D      C3D       87     187A       0
                text8                               80A      80A       36     1014       0
                text7                               BB8      BB8       85     1770       0
                swtext2                            109C     109C        C     2100       0
                text6                               153      153      342        8       0
                text5                              1736     1736       1E     2E6C       0
                text4                               7E6      7E6       1A        8       0
                text3                               E21      E21      1DF     1C42       0
                text2                               785      785       61        8       0
                text1                               87C      87C       3C     10F8       0
                swtext1                            1090     1090        C     2100       0
                maintext                            93D      93D       48     127A       0
                cstackBANK0                          20       20       50       20       1
                cstackCOMMON                         70       70        9       70       1
                cstackBANK1                          A0       A0       4A       A0       1
                cstackBANK2                         134      134        D      120       1
                clrtext                            16EF     16EF        C     2DDE       0
                bssBANK3                            1A0      1A0       40      1A0       1
                bssBANK2                            120      120       14      120       1
                bssBANK1                             EA       EA        6       A0       1
                bssCOMMON                            79       79        4       70       1
                bitbssCOMMON                        3E8       7D        1       70       1     8
                stringtext                         1000     1000       80       20       0

TOTAL           Name                               Link     Load   Length     Space
        CLASS   STACK          

        CLASS   CONST          
                swtext3                            1080     1080       10         0
                swtext2                            109C     109C        C         0
                swtext1                            1090     1090        C         0

        CLASS   CODE           
                end_init                            121      121        2         0
                cinit                               123      123       30         0
                intentry                              4        4      11D         0
                reset_vec                             0        0        2         0
                text31                             16E9     16E9        6         0
                text30                             179C     179C       30         0
                text29                              A25      A25       56         0
                text28                             1709     1709       12         0
                text27                              8F5      8F5       48         0
                text26                             16FB     16FB        E         0
                text25                              A7B      A7B       59         0
                text24                             1776     1776       26         0
                text23                             17CC     17CC       34         0
                text22                              B35      B35       83         0
                text21                              9D1      9D1       54         0
                text20                              985      985       4C         0
                text19                              495      495      1FA         0
                text18                              AD4      AD4       61         0
                text17                             1754     1754       22         0
                text16                              CC4      CC4       A9         0
                text15                              D6D      D6D       B4         0
                text14                              801      801        9         0
                text13                             171B     171B       1B         0
                text12                              8B8      8B8       3D         0
                text11                              68F      68F       F6         0
                text10                              840      840       3C         0
                text9                               C3D      C3D       87         0
                text8                               80A      80A       36         0
                text7                               BB8      BB8       85         0
                text6                               153      153      342         0
                text5                              1736     1736       1E         0
                text4                               7E6      7E6       1A         0
                text3                               E21      E21      1DF         0
                text2                               785      785       61         0
                text1                               87C      87C       3C         0
                maintext                            93D      93D       48         0
                clrtext                            16EF     16EF        C         0

        CLASS   STRCODE        
                stringtext                         1000     1000       80         0

        CLASS   ENTRY          

        CLASS   STRING         

        CLASS   COMMON         
                cstackCOMMON                         70       70        9         1
                bssCOMMON                            79       79        4         1
                bitbssCOMMON                        3E8       7D        1         1

        CLASS   BANK0          
                cstackBANK0                          20       20       50         1

        CLASS   BANK1          
                cstackBANK1                          A0       A0       4A         1
                bssBANK1                             EA       EA        6         1

        CLASS   BANK2          
                cstackBANK2                         134      134        D         1
                bssBANK2                            120      120       14         1

        CLASS   BANK3          
                bssBANK3                            1A0      1A0       40         1

        CLASS   BANK4          

        CLASS   BANK5          

        CLASS   BANK6          

        CLASS   BANK7          

        CLASS   BANK8          

        CLASS   BANK9          

        CLASS   BANK10         

        CLASS   BANK11         

        CLASS   BANK12         

        CLASS   BIGRAM         

        CLASS   RAM            

        CLASS   ABS1           
                abs_s1                               7E       7E        2         1
                abs_s1                              530      530       40         1
                abs_s1                              5A0      5A0       50         1
                abs_s1                              620      620       30         1
                abs_s1                             2330     2330        0         1

        CLASS   SFR0           

        CLASS   SFR1           

        CLASS   SFR2           

        CLASS   SFR3           

        CLASS   SFR4           

        CLASS   SFR5           

        CLASS   SFR6           

        CLASS   SFR7           

        CLASS   SFR8           

        CLASS   SFR9           

        CLASS   SFR10          

        CLASS   SFR11          

        CLASS   SFR12          

        CLASS   SFR13          

        CLASS   SFR14          

        CLASS   SFR15          

        CLASS   SFR16          

        CLASS   SFR17          

        CLASS   SFR18          

        CLASS   SFR19          

        CLASS   SFR20          

        CLASS   SFR21          

        CLASS   SFR22          

        CLASS   SFR23          

        CLASS   SFR24          

        CLASS   SFR25          

        CLASS   SFR26          

        CLASS   SFR27          

        CLASS   SFR28          

        CLASS   SFR29          

        CLASS   SFR30          

        CLASS   SFR31          

        CLASS   CONFIG         
                config                             8007     8007        2         0

        CLASS   IDLOC          

        CLASS   EEDATA         

        CLASS   BANK31         

        CLASS   BANK30         

        CLASS   BANK29         

        CLASS   BANK28         

        CLASS   BANK27         

        CLASS   BANK26         

        CLASS   BANK25         

        CLASS   BANK24         

        CLASS   BANK23         

        CLASS   BANK22         

        CLASS   BANK21         

        CLASS   BANK20         

        CLASS   BANK19         

        CLASS   BANK18         

        CLASS   BANK17         

        CLASS   BANK16         

        CLASS   BANK15         

        CLASS   BANK14         

        CLASS   BANK13         



SEGMENTS        Name                           Load    Length   Top    Selector   Space  Class     Delta

                reset_vec                      000000  000002  000002         0       0  CODE        2
                intentry                       000004  0007FC  000800         8       0  CODE        2
                cstackBANK0                    000020  000050  000070        20       1  BANK0       1
                cstackCOMMON                   000070  00000E  00007E        70       1  COMMON      1
                cstackBANK1                    0000A0  000050  0000F0        A0       1  BANK1       1
                bssBANK2                       000120  000021  000141       120       1  BANK2       1
                bssBANK3                       0001A0  000040  0001E0       1A0       1  BANK3       1
                text14                         000801  000009  00080A      1002       0  CODE        2
                text8                          00080A  000036  000840      1014       0  CODE        2
                text10                         000840  00003C  00087C      1080       0  CODE        2
                text1                          00087C  00003C  0008B8      10F8       0  CODE        2
                text12                         0008B8  00003D  0008F5      1170       0  CODE        2
                text27                         0008F5  000048  00093D      11EA       0  CODE        2
                maintext                       00093D  000048  000985      127A       0  CODE        2
                text20                         000985  00004C  0009D1      130A       0  CODE        2
                text21                         0009D1  000054  000A25      13A2       0  CODE        2
                text29                         000A25  000056  000A7B      144A       0  CODE        2
                text25                         000A7B  000059  000AD4      14F6       0  CODE        2
                text18                         000AD4  000061  000B35      15A8       0  CODE        2
                text22                         000B35  000083  000BB8      166A       0  CODE        2
                text7                          000BB8  000085  000C3D      1770       0  CODE        2
                text9                          000C3D  000087  000CC4      187A       0  CODE        2
                text16                         000CC4  0000A9  000D6D      1988       0  CODE        2
                text15                         000D6D  0000B4  000E21      1ADA       0  CODE        2
                text3                          000E21  0001DF  001000      1C42       0  CODE        2
                stringtext                     001000  000080  001080        20       0  STRCODE     2
                swtext3                        001080  000028  0010A8      2100       0  CONST       2
                text31                         0016E9  000006  0016EF      2DD2       0  CODE        2
                clrtext                        0016EF  00000C  0016FB      2DDE       0  CODE        2
                text26                         0016FB  00000E  001709      2DF6       0  CODE        2
                text28                         001709  000012  00171B      2E12       0  CODE        2
                text13                         00171B  00001B  001736      2E36       0  CODE        2
                text5                          001736  00001E  001754      2E6C       0  CODE        2
                text17                         001754  000022  001776      2EA8       0  CODE        2
                text24                         001776  000026  00179C      2EEC       0  CODE        2
                text30                         00179C  000030  0017CC      2F38       0  CODE        2
                text23                         0017CC  000034  001800      2F98       0  CODE        2
                config                         008007  000002  008009     1000E       0  CONFIG      2


UNUSED ADDRESS RANGES

        Name                Unused          Largest block    Delta
        BANK10           00520-0052F              10           1
        BANK2            00141-0016F              2F           1
        BANK3            001E0-001EF              10           1
        BANK4            00220-0026F              50           1
        BANK5            002A0-002EF              50           1
        BANK6            00320-0036F              50           1
        BANK7            003A0-003EF              50           1
        BANK8            00420-0046F              50           1
        BANK9            004A0-004EF              50           1
        BIGRAM           02000-023EF             3F0           1
        CODE             00002-00003               2           2
                         00800-00800               1
                         010A8-016E8             641
                         01800-03FFF             800
        CONST            00002-00003               2           2
                         00800-00800               1
                         010A8-016E8             100
                         01800-03FFF             100
        EEDATA           0F000-0F0FF             100           2
        ENTRY            00002-00003               2           2
                         00800-00800               1
                         010A8-016E8             100
                         01800-03FFF             100
        IDLOC            08000-08003               4           2
        RAM              00141-0016F              2F           1
                         001E0-001EF              10
                         00220-0026F              50
                         002A0-002EF              50
                         00320-0036F              50
                         003A0-003EF              50
                         00420-0046F              50
                         004A0-004EF              50
                         00520-0052F              10
        SFR0             00000-0001F              20           1
        SFR1             00080-0009F              20           1
        SFR10            00500-0051F              20           1
        SFR11            00580-0059F              20           1
        SFR12            00600-0061F              20           1
        SFR13            00680-006EF              70           1
        SFR14            00700-0076F              70           1
        SFR15            00780-007EF              70           1
        SFR16            00800-0086F              70           1
        SFR17            00880-008EF              70           1
        SFR18            00900-0096F              70           1
        SFR19            00980-009EF              70           1
        SFR2             00100-0011F              20           1
        SFR20            00A00-00A6F              70           1
        SFR21            00A80-00AEF              70           1
        SFR22            00B00-00B6F              70           1
        SFR23            00B80-00BEF              70           1
        SFR24            00C00-00C6F              70           1
        SFR25            00C80-00CEF              70           1
        SFR26            00D00-00D6F              70           1
        SFR27            00D80-00DEF              70           1
        SFR28            00E00-00E6F              70           1
        SFR29            00E80-00EEF              70           1
        SFR3             00180-0019F              20           1
        SFR30            00F00-00F6F              70           1
        SFR31            00F80-00FEF              70           1
        SFR4             00200-0021F              20           1
        SFR5             00280-0029F              20           1
        SFR6             00300-0031F              20           1
        SFR7             00380-0039F              20           1
        SFR8             00400-0041F              20           1
        SFR9             00480-0049F              20           1
        STACK            02130-0231F             1F0           1
        STRCODE          00002-00003               2           2
                         00800-00800               1
                         010A8-016E8             641
                         01800-03FFF            2800
        STRING           00002-00003               2           2
                         00800-00800               1
                         010A8-016E8             100
                         01800-03FFF             100

                                  Symbol Table

?___altoft                           cstackBANK0  0005C
?___awdiv                            cstackBANK0  00026
?___awmod                            cstackBANK0  00033
?___awtoft                           cstackBANK0  00028
?___ftadd                            cstackBANK0  00031
?___ftdiv                            cstackBANK0  00030
?___ftmul                            cstackBANK0  0003E
?___ftneg                            cstackBANK0  0002E
?___ftpack                           cstackBANK0  00020
?___fttol                            cstackBANK0  0004E
?___lbtoft                           cstackBANK0  00028
?___lmul                             cstackBANK0  00020
?___wmul                             cstackBANK0  00020
?_floor                              cstackBANK0  00064
?_rand                               cstackBANK0  0002C
DelayMs@cyclesRequiredForEntireDelay cstackBANK0  0002F
DelayMs@ms                           cstackBANK0  0002C
HSVtoRGB@b                           cstackBANK1  000C0
HSVtoRGB@colorHSV                    cstackBANK1  000BC
HSVtoRGB@colorRGB                    cstackBANK1  000BB
HSVtoRGB@f                           cstackBANK1  000A9
HSVtoRGB@g                           cstackBANK1  000BD
HSVtoRGB@h                           cstackBANK1  000B8
HSVtoRGB@i                           cstackBANK1  000AC
HSVtoRGB@p                           cstackBANK1  000C6
HSVtoRGB@q                           cstackBANK1  000B2
HSVtoRGB@r                           cstackBANK1  000AF
HSVtoRGB@s                           cstackBANK1  000C3
HSVtoRGB@t                           cstackBANK1  000B5
HSVtoRGB@v                           cstackBANK1  000C9
HSVtoRGB@vHSV                        cstackBANK0  0006D
HSVtoRGB@vRGB                        cstackBANK1  000AE
_ADCON0                              (abs)        0009D
_ADCON0bits                          (abs)        0009D
_ADCON1                              (abs)        0009E
_ADRESH                              (abs)        0009C
_ANSELA                              (abs)        0018C
_ANSELE                              (abs)        00190
_ANSELF                              (abs)        0040C
_ANSELG                              (abs)        0040D
_DelayMs                             text29       00A25
_FVRCON                              (abs)        00117
_FVRCONbits                          (abs)        00117
_GIE                                 (abs)        0005F
_HSVtoRGB                            text6        00153
_HSVtoRGB$1186                       cstackBANK1  000A0
_HSVtoRGB$1187                       cstackBANK1  000A3
_HSVtoRGB$1188                       cstackBANK1  000A6
_IOCBF                               (abs)        00396
_IOCBFbits                           (abs)        00396
_IOCBN                               (abs)        00395
_IOCBP                               (abs)        00394
_IOCIE                               (abs)        0005B
_IOCIF                               (abs)        00058
_LATA                                (abs)        0010C
_LATBbits                            (abs)        0010D
_LATD                                (abs)        0010F
_LATE                                (abs)        00110
_LATFbits                            (abs)        0038C
_LATGbits                            (abs)        0038D
_OPTION_REG                          (abs)        00095
_OSCCON                              (abs)        00099
_OSCSTATbits                         (abs)        0009A
_PEIE                                (abs)        0005E
_PORTBbits                           (abs)        0000D
_PR2                                 (abs)        0001B
_T1CON                               (abs)        00018
_T1CONbits                           (abs)        00018
_T2CON                               (abs)        0001C
_T2CONbits                           (abs)        0001C
_TMR0                                (abs)        00015
_TMR0IE                              (abs)        0005D
_TMR0IF                              (abs)        0005A
_TMR1                                (abs)        00016
_TMR1IE                              (abs)        00488
_TMR1IF                              (abs)        00088
_TMR2                                (abs)        0001A
_TMR2IE                              (abs)        00489
_TMR2IF                              (abs)        00089
_TRISA                               (abs)        0008C
_TRISBbits                           (abs)        0008D
_TRISD                               (abs)        0008F
_TRISE                               (abs)        00090
_TRISFbits                           (abs)        0030C
_TRISGbits                           (abs)        0030D
_WPUB                                (abs)        0020D
__CFG_BOREN$OFF                      (abs)        00000
__CFG_FOSC$INTOSC                    (abs)        00000
__CFG_LVP$OFF                        (abs)        00000
__CFG_PLLEN$OFF                      (abs)        00000
__CFG_STVREN$OFF                     (abs)        00000
__CFG_WDTE$OFF                       (abs)        00000
__Habs1                              abs1         00000
__Hbank0                             bank0        00000
__Hbank1                             bank1        00000
__Hbank10                            bank10       00000
__Hbank11                            bank11       00000
__Hbank12                            bank12       00000
__Hbank13                            bank13       00000
__Hbank14                            bank14       00000
__Hbank15                            bank15       00000
__Hbank16                            bank16       00000
__Hbank17                            bank17       00000
__Hbank18                            bank18       00000
__Hbank19                            bank19       00000
__Hbank2                             bank2        00000
__Hbank20                            bank20       00000
__Hbank21                            bank21       00000
__Hbank22                            bank22       00000
__Hbank23                            bank23       00000
__Hbank24                            bank24       00000
__Hbank25                            bank25       00000
__Hbank26                            bank26       00000
__Hbank27                            bank27       00000
__Hbank28                            bank28       00000
__Hbank29                            bank29       00000
__Hbank3                             bank3        00000
__Hbank30                            bank30       00000
__Hbank31                            bank31       00000
__Hbank4                             bank4        00000
__Hbank5                             bank5        00000
__Hbank6                             bank6        00000
__Hbank7                             bank7        00000
__Hbank8                             bank8        00000
__Hbank9                             bank9        00000
__Hbigram                            bigram       00000
__HbitbssCOMMON                      bitbssCOMMON 00000
__HbssBANK1                          bssBANK1     00000
__HbssBANK2                          bssBANK2     00000
__HbssBANK3                          bssBANK3     00000
__HbssCOMMON                         bssCOMMON    00000
__Hcinit                             cinit        00153
__Hclrtext                           clrtext      00000
__Hcode                              code         00000
__Hcommon                            common       00000
__Hconfig                            config       08009
__HcstackBANK0                       cstackBANK0  00000
__HcstackBANK1                       cstackBANK1  00000
__HcstackBANK2                       cstackBANK2  00000
__HcstackCOMMON                      cstackCOMMON 00000
__Heeprom_data                       eeprom_data  00000
__Hend_init                          end_init     00123
__Hfunctab                           functab      00000
__Hidloc                             idloc        00000
__Hinit                              init         00121
__Hintentry                          intentry     00121
__Hmaintext                          maintext     00000
__Hpowerup                           powerup      00000
__Hram                               ram          00000
__Hreset_vec                         reset_vec    00002
__Hsfr0                              sfr0         00000
__Hsfr1                              sfr1         00000
__Hsfr10                             sfr10        00000
__Hsfr11                             sfr11        00000
__Hsfr12                             sfr12        00000
__Hsfr13                             sfr13        00000
__Hsfr14                             sfr14        00000
__Hsfr15                             sfr15        00000
__Hsfr16                             sfr16        00000
__Hsfr17                             sfr17        00000
__Hsfr18                             sfr18        00000
__Hsfr19                             sfr19        00000
__Hsfr2                              sfr2         00000
__Hsfr20                             sfr20        00000
__Hsfr21                             sfr21        00000
__Hsfr22                             sfr22        00000
__Hsfr23                             sfr23        00000
__Hsfr24                             sfr24        00000
__Hsfr25                             sfr25        00000
__Hsfr26                             sfr26        00000
__Hsfr27                             sfr27        00000
__Hsfr28                             sfr28        00000
__Hsfr29                             sfr29        00000
__Hsfr3                              sfr3         00000
__Hsfr30                             sfr30        00000
__Hsfr31                             sfr31        00000
__Hsfr4                              sfr4         00000
__Hsfr5                              sfr5         00000
__Hsfr6                              sfr6         00000
__Hsfr7                              sfr7         00000
__Hsfr8                              sfr8         00000
__Hsfr9                              sfr9         00000
__Hspace_0                           (abs)        08009
__Hspace_1                           (abs)        003E9
__Hspace_2                           (abs)        00000
__Hspace_3                           (abs)        00000
__Hstack                             stack        00000
__Hstrings                           strings      00000
__Hstringtext                        stringtext   00000
__Htext                              text         00000
__Labs1                              abs1         00000
__Lbank0                             bank0        00000
__Lbank1                             bank1        00000
__Lbank10                            bank10       00000
__Lbank11                            bank11       00000
__Lbank12                            bank12       00000
__Lbank13                            bank13       00000
__Lbank14                            bank14       00000
__Lbank15                            bank15       00000
__Lbank16                            bank16       00000
__Lbank17                            bank17       00000
__Lbank18                            bank18       00000
__Lbank19                            bank19       00000
__Lbank2                             bank2        00000
__Lbank20                            bank20       00000
__Lbank21                            bank21       00000
__Lbank22                            bank22       00000
__Lbank23                            bank23       00000
__Lbank24                            bank24       00000
__Lbank25                            bank25       00000
__Lbank26                            bank26       00000
__Lbank27                            bank27       00000
__Lbank28                            bank28       00000
__Lbank29                            bank29       00000
__Lbank3                             bank3        00000
__Lbank30                            bank30       00000
__Lbank31                            bank31       00000
__Lbank4                             bank4        00000
__Lbank5                             bank5        00000
__Lbank6                             bank6        00000
__Lbank7                             bank7        00000
__Lbank8                             bank8        00000
__Lbank9                             bank9        00000
__Lbigram                            bigram       00000
__LbitbssCOMMON                      bitbssCOMMON 00000
__LbssBANK1                          bssBANK1     00000
__LbssBANK2                          bssBANK2     00000
__LbssBANK3                          bssBANK3     00000
__LbssCOMMON                         bssCOMMON    00000
__Lcinit                             cinit        00123
__Lclrtext                           clrtext      00000
__Lcode                              code         00000
__Lcommon                            common       00000
__Lconfig                            config       08007
__LcstackBANK0                       cstackBANK0  00000
__LcstackBANK1                       cstackBANK1  00000
__LcstackBANK2                       cstackBANK2  00000
__LcstackCOMMON                      cstackCOMMON 00000
__Leeprom_data                       eeprom_data  00000
__Lend_init                          end_init     00121
__Lfunctab                           functab      00000
__Lidloc                             idloc        00000
__Linit                              init         00121
__Lintentry                          intentry     00004
__Lmaintext                          maintext     00000
__Lpowerup                           powerup      00000
__Lram                               ram          00000
__Lreset_vec                         reset_vec    00000
__Lsfr0                              sfr0         00000
__Lsfr1                              sfr1         00000
__Lsfr10                             sfr10        00000
__Lsfr11                             sfr11        00000
__Lsfr12                             sfr12        00000
__Lsfr13                             sfr13        00000
__Lsfr14                             sfr14        00000
__Lsfr15                             sfr15        00000
__Lsfr16                             sfr16        00000
__Lsfr17                             sfr17        00000
__Lsfr18                             sfr18        00000
__Lsfr19                             sfr19        00000
__Lsfr2                              sfr2         00000
__Lsfr20                             sfr20        00000
__Lsfr21                             sfr21        00000
__Lsfr22                             sfr22        00000
__Lsfr23                             sfr23        00000
__Lsfr24                             sfr24        00000
__Lsfr25                             sfr25        00000
__Lsfr26                             sfr26        00000
__Lsfr27                             sfr27        00000
__Lsfr28                             sfr28        00000
__Lsfr29                             sfr29        00000
__Lsfr3                              sfr3         00000
__Lsfr30                             sfr30        00000
__Lsfr31                             sfr31        00000
__Lsfr4                              sfr4         00000
__Lsfr5                              sfr5         00000
__Lsfr6                              sfr6         00000
__Lsfr7                              sfr7         00000
__Lsfr8                              sfr8         00000
__Lsfr9                              sfr9         00000
__Lspace_0                           (abs)        00000
__Lspace_1                           (abs)        00000
__Lspace_2                           (abs)        00000
__Lspace_3                           (abs)        00000
__Lstack                             stack        00000
__Lstrings                           strings      00000
__Lstringtext                        stringtext   00000
__Ltext                              text         00000
__S0                                 (abs)        08009
__S1                                 (abs)        001E0
__S2                                 (abs)        00000
__S3                                 (abs)        00000
___altoft                            text12       008B8
___altoft@c                          cstackBANK0  0005C
___altoft@exp                        cstackBANK0  00062
___altoft@sign                       cstackBANK0  00063
___awdiv                             text21       009D1
___awdiv@counter                     cstackBANK0  0002B
___awdiv@dividend                    cstackBANK0  00028
___awdiv@divisor                     cstackBANK0  00026
___awdiv@quotient                    cstackBANK0  0002D
___awdiv@sign                        cstackBANK0  0002C
___awmod                             text27       008F5
___awmod@counter                     cstackBANK0  00038
___awmod@dividend                    cstackBANK0  00035
___awmod@divisor                     cstackBANK0  00033
___awmod@sign                        cstackBANK0  00039
___awtoft                            text17       01754
___awtoft@c                          cstackBANK0  00028
___awtoft@sign                       cstackBANK0  0002D
___ftadd                             text11       0068F
___ftadd@exp1                        cstackBANK0  0003D
___ftadd@exp2                        cstackBANK0  0003C
___ftadd@f1                          cstackBANK0  00031
___ftadd@f2                          cstackBANK0  00034
___ftadd@sign                        cstackBANK0  0003B
___ftdiv                             text16       00CC4
___ftdiv@cntr                        cstackBANK0  0003A
___ftdiv@exp                         cstackBANK0  0003E
___ftdiv@f1                          cstackBANK0  00033
___ftdiv@f2                          cstackBANK0  00030
___ftdiv@f3                          cstackBANK0  0003B
___ftdiv@sign                        cstackBANK0  0003F
___ftge                              text10       00840
___ftge@ff1                          cstackBANK0  00020
___ftge@ff2                          cstackBANK0  00023
___ftmul                             text15       00D6D
___ftmul@cntr                        cstackBANK0  0004C
___ftmul@exp                         cstackBANK0  00048
___ftmul@f1                          cstackBANK0  0003E
___ftmul@f2                          cstackBANK0  00041
___ftmul@f3_as_product               cstackBANK0  00049
___ftmul@sign                        cstackBANK0  0004D
___ftneg                             text14       00801
___ftneg@f1                          cstackBANK0  0002E
___ftpack                            text18       00AD4
___ftpack@arg                        cstackBANK0  00020
___ftpack@exp                        cstackBANK0  00023
___ftpack@sign                       cstackBANK0  00024
___fttol                             text9        00C3D
___fttol@exp1                        cstackBANK0  0005B
___fttol@f1                          cstackBANK0  0004E
___fttol@lval                        cstackBANK0  00057
___fttol@sign1                       cstackBANK0  00056
___int_sp                            stack        00000
___latbits                           (abs)        00003
___lbtoft                            text13       0171B
___lbtoft@c                          cstackBANK0  0002F
___lmul                              text30       0179C
___lmul@multiplicand                 cstackBANK0  00024
___lmul@multiplier                   cstackBANK0  00020
___lmul@product                      cstackBANK0  00028
___sp                                stack        00000
___wmul                              text5        01736
___wmul@multiplicand                 cstackBANK0  00022
___wmul@multiplier                   cstackBANK0  00020
___wmul@product                      cstackBANK0  00024
__end_of_DelayMs                     text29       00A7B
__end_of_HSVtoRGB                    text6        00495
__end_of___altoft                    text12       008F5
__end_of___awdiv                     text21       00A25
__end_of___awmod                     text27       0093D
__end_of___awtoft                    text17       01776
__end_of___ftadd                     text11       00785
__end_of___ftdiv                     text16       00D6D
__end_of___ftge                      text10       0087C
__end_of___ftmul                     text15       00E21
__end_of___ftneg                     text14       0080A
__end_of___ftpack                    text18       00B35
__end_of___fttol                     text9        00CC4
__end_of___lbtoft                    text13       01736
__end_of___lmul                      text30       017CC
__end_of___wmul                      text5        01754
__end_of__initialization             cinit        0014F
__end_of_bitmapClear                 text28       0171B
__end_of_bitmapPutPixel              text20       009D1
__end_of_drawFrame                   text3        01000
__end_of_fastClock                   text31       016EF
__end_of_floor                       text7        00C3D
__end_of_frexp                       text8        00840
__end_of_generateLine                text24       0179C
__end_of_hueMask                     stringtext   01040
__end_of_init                        text22       00BB8
__end_of_isr                         intentry     00121
__end_of_main                        maintext     00985
__end_of_rand                        text25       00AD4
__end_of_setPixel                    text4        00800
__end_of_setTime                     text19       0068F
__end_of_setup                       text23       01800
__end_of_shiftUp                     text2        007E6
__end_of_showTime                    text1        008B8
__end_of_srand                       text26       01709
__end_of_valueMask                   stringtext   01080
__initialization                     cinit        00123
__pbitbssCOMMON                      bitbssCOMMON 003E8
__pbssBANK1                          bssBANK1     000EA
__pbssBANK2                          bssBANK2     00120
__pbssBANK3                          bssBANK3     001A0
__pbssBIGRAM                         (abs)        02330
__pbssCOMMON                         bssCOMMON    00079
__pcstackBANK0                       cstackBANK0  00020
__pcstackBANK1                       cstackBANK1  000A0
__pcstackBANK2                       cstackBANK2  00134
__pcstackCOMMON                      cstackCOMMON 00070
__pintentry                          intentry     00004
__pmaintext                          maintext     0093D
__pstringtext                        stringtext   01000
__pswtext1                           swtext1      01090
__pswtext2                           swtext2      0109C
__pswtext3                           swtext3      01080
__ptext1                             text1        0087C
__ptext10                            text10       00840
__ptext11                            text11       0068F
__ptext12                            text12       008B8
__ptext13                            text13       0171B
__ptext14                            text14       00801
__ptext15                            text15       00D6D
__ptext16                            text16       00CC4
__ptext17                            text17       01754
__ptext18                            text18       00AD4
__ptext19                            text19       00495
__ptext2                             text2        00785
__ptext20                            text20       00985
__ptext21                            text21       009D1
__ptext22                            text22       00B35
__ptext23                            text23       017CC
__ptext24                            text24       01776
__ptext25                            text25       00A7B
__ptext26                            text26       016FB
__ptext27                            text27       008F5
__ptext28                            text28       01709
__ptext29                            text29       00A25
__ptext3                             text3        00E21
__ptext30                            text30       0179C
__ptext31                            text31       016E9
__ptext4                             text4        007E6
__ptext5                             text5        01736
__ptext6                             text6        00153
__ptext7                             text7        00BB8
__ptext8                             text8        0080A
__ptext9                             text9        00C3D
__size_of_DelayMs                    (abs)        00000
__size_of_HSVtoRGB                   (abs)        00000
__size_of___altoft                   (abs)        00000
__size_of___awdiv                    (abs)        00000
__size_of___awmod                    (abs)        00000
__size_of___awtoft                   (abs)        00000
__size_of___ftadd                    (abs)        00000
__size_of___ftdiv                    (abs)        00000
__size_of___ftge                     (abs)        00000
__size_of___ftmul                    (abs)        00000
__size_of___ftneg                    (abs)        00000
__size_of___ftpack                   (abs)        00000
__size_of___fttol                    (abs)        00000
__size_of___lbtoft                   (abs)        00000
__size_of___lmul                     (abs)        00000
__size_of___wmul                     (abs)        00000
__size_of_bitmapClear                (abs)        00000
__size_of_bitmapPutPixel             (abs)        00000
__size_of_drawFrame                  (abs)        00000
__size_of_fastClock                  (abs)        00000
__size_of_floor                      (abs)        00000
__size_of_frexp                      (abs)        00000
__size_of_generateLine               (abs)        00000
__size_of_init                       (abs)        00000
__size_of_isr                        (abs)        00000
__size_of_main                       (abs)        00000
__size_of_rand                       (abs)        00000
__size_of_setPixel                   (abs)        00000
__size_of_setTime                    (abs)        00000
__size_of_setup                      (abs)        00000
__size_of_shiftUp                    (abs)        00000
__size_of_showTime                   (abs)        00000
__size_of_srand                      (abs)        00000
_ampm                                bitbssCOMMON 003E8
_bitmap                              (abs)        02330
_bitmapClear                         text28       01709
_bitmapPutPixel                      text20       00985
_currentRefreshingColor              bssBANK2     00130
_currentRefreshingPwmSweep           bssCOMMON    00079
_currentRefreshingRow                bssCOMMON    0007A
_currentRefreshingRowIndex           bssCOMMON    0007B
_currentState                        bssBANK1     000EC
_drawFrame                           text3        00E21
_drawFrame$728                       cstackBANK2  00134
_errno                               bssBANK2     0012C
_fastClock                           text31       016E9
_floor                               text7        00BB8
_frexp                               text8        0080A
_generateLine                        text24       01776
_hours                               bssCOMMON    0007C
_hueMask                             stringtext   01000
_init                                text22       00B35
_isr                                 intentry     00004
_line                                bssBANK2     00120
_main                                maintext     0093D
_matrix                              bssBANK3     001A0
_minutes                             bssBANK1     000ED
_newSecond                           bssBANK2     00131
_rand                                text25       00A7B
_randf                               bssBANK1     000EE
_randx                               bssBANK2     00128
_seconds                             bssBANK1     000EF
_setPixel                            text4        007E6
_setTime                             text19       00495
_setup                               text23       017CC
_shiftUp                             text2        00785
_showTime                            text1        0087C
_srand                               text26       016FB
_tickCounter                         bssBANK2     00132
_timerTicks                          bssBANK2     0012E
_tmr1Value                           bssBANK1     000EA
_updateDisplayRequest                bssBANK2     00133
_valueMask                           stringtext   01040
bitmapClear@i                        cstackBANK0  00021
bitmapPutPixel@b                     cstackBANK0  00023
bitmapPutPixel@currentPixelPosition  cstackBANK0  00028
bitmapPutPixel@g                     cstackBANK0  00022
bitmapPutPixel@i                     cstackBANK0  00027
bitmapPutPixel@r                     cstackBANK0  00021
bitmapPutPixel@x                     cstackBANK0  00026
bitmapPutPixel@y                     cstackBANK0  00020
btemp                                (abs)        0007E
clear_ram0                           clrtext      016EF
drawFrame@colorHSV                   cstackBANK2  0013B
drawFrame@colorRGB                   cstackBANK2  0013E
drawFrame@nextv                      cstackBANK2  00136
drawFrame@pcnt                       cstackBANK1  000CC
drawFrame@x                          cstackBANK2  0013A
drawFrame@x_731                      cstackBANK2  00138
drawFrame@y                          cstackBANK2  00139
end_of_initialization                cinit        0014F
floor@expon                          cstackBANK0  0006B
floor@i                              cstackBANK0  00068
floor@x                              cstackBANK0  00064
frexp@eptr                           cstackBANK0  00023
frexp@value                          cstackBANK0  00020
generateLine@x                       cstackBANK0  0003B
intlevel0                            functab      00000
intlevel1                            functab      00000
intlevel2                            functab      00000
intlevel3                            functab      00000
intlevel4                            functab      00000
intlevel5                            functab      00000
isr@currentRefreshingColumn          cstackCOMMON 00078
isr@rowValueTempB                    cstackCOMMON 00077
isr@rowValueTempG                    cstackCOMMON 00076
isr@rowValueTempR                    cstackCOMMON 00075
ltemp                                (abs)        0007E
ltemp0                               (abs)        0007E
ltemp1                               (abs)        00082
ltemp2                               (abs)        00086
ltemp3                               (abs)        00080
pic14e$flags                         (abs)        0007E
reset_vec                            reset_vec    00000
setPixel@colorB                      cstackBANK0  0002C
setPixel@colorG                      cstackBANK0  0002B
setPixel@colorR                      cstackBANK0  0002A
setPixel@x                           cstackBANK0  00031
setPixel@y                           cstackBANK0  00029
setTime@changesMadeFlag              cstackBANK0  00041
setTime@currentFieldSelected         cstackBANK0  00049
setTime@currentFieldValue            cstackBANK0  00044
setTime@i                            cstackBANK0  00046
setTime@tempHours                    cstackBANK0  00042
setTime@tempMinutes                  cstackBANK0  00043
setTime@tempValue                    cstackBANK0  00047
setTime@tempValueTens                cstackBANK0  0003D
setTime@tempValueUnits               cstackBANK0  0003F
setup@x                              cstackBANK0  00040
setup@y                              cstackBANK0  0003F
shiftUp@x                            cstackBANK0  00029
shiftUp@x_714                        cstackBANK0  0002A
shiftUp@y                            cstackBANK0  00028
showTime@currentAnimationFrame       cstackBANK1  000E7
showTime@currentPwmLevel             cstackBANK1  000E8
showTime@pcnt                        cstackBANK1  000E9
srand@x                              cstackBANK0  00020
stackhi                              (abs)        0231F
stacklo                              (abs)        02130
start                                init         00121
start_initialization                 cinit        00123
ttemp                                (abs)        0007E
ttemp0                               (abs)        0007E
ttemp1                               (abs)        00081
ttemp2                               (abs)        00084
ttemp3                               (abs)        00087
ttemp4                               (abs)        0007F
wtemp                                (abs)        0007E
wtemp0                               (abs)        0007E
wtemp1                               (abs)        00080
wtemp2                               (abs)        00082
wtemp3                               (abs)        00084
wtemp4                               (abs)        00086
wtemp5                               (abs)        00088
wtemp6                               (abs)        0007F


FUNCTION INFORMATION:

 *************** function _main *****************
 Defined at:
		line 132 in file "../main.c"
 Parameters:    Size  Location     Type
		None
 Auto vars:     Size  Location     Type
		None
 Return value:  Size  Location     Type
		None               void
 Registers used:
		wreg, fsr0l, fsr0h, fsr1l, fsr1h, status,2, status,0, pclath, cstack
 Tracked objects:
		On entry : 
		On exit  : 
		Unchanged: 
 Data sizes:     COMMON   BANK0   BANK1   BANK2   BANK3   BANK4   BANK5   BANK6   BANK7   BANK8   BANK9  BANK10  BANK11  BANK12
      Params:         0       0       0       0       0       0       0       0       0       0       0       0       0       0
      Locals:         0       0       0       0       0       0       0       0       0       0       0       0       0       0
      Temps:          0       1       0       0       0       0       0       0       0       0       0       0       0       0
      Totals:         0       1       0       0       0       0       0       0       0       0       0       0       0       0
Total ram usage:        1 bytes
 Hardware stack levels required when called:    7
 This function calls:
		_fastClock
		_init
		_setTime
		_showTime
 This function is called by:
		Startup code after reset
 This function uses a non-reentrant model


 *************** function _showTime *****************
 Defined at:
		line 855 in file "../main.c"
 Parameters:    Size  Location     Type
		None
 Auto vars:     Size  Location     Type
  pcnt            1   73[BANK1 ] unsigned char 
  currentPwmLe    1   72[BANK1 ] unsigned char 
  currentAnima    1   71[BANK1 ] unsigned char 
  elementSecon    1    0        unsigned char 
  elementSecon    1    0        unsigned char 
  elementMinut    1    0        unsigned char 
  elementMinut    1    0        unsigned char 
  elementHourU    1    0        unsigned char 
  elementHourT    1    0        unsigned char 
  currentAnima    1    0        char 
  tempPixelB      1    0        unsigned char 
  tempPixelG      1    0        unsigned char 
  tempPixelR      1    0        unsigned char 
  yLast           1    0        unsigned char 
  xLast           1    0        unsigned char 
  y               1    0        unsigned char 
  x               1    0        unsigned char 
  loopsUntilTi    1    0        unsigned char 
 Return value:  Size  Location     Type
		None               void
 Registers used:
		wreg, fsr0l, fsr0h, fsr1l, fsr1h, status,2, status,0, pclath, cstack
 Tracked objects:
		On entry : 
		On exit  : 
		Unchanged: 
 Data sizes:     COMMON   BANK0   BANK1   BANK2   BANK3   BANK4   BANK5   BANK6   BANK7   BANK8   BANK9  BANK10  BANK11  BANK12
      Params:         0       0       0       0       0       0       0       0       0       0       0       0       0       0
      Locals:         0       0       3       0       0       0       0       0       0       0       0       0       0       0
      Temps:          0       0       2       0       0       0       0       0       0       0       0       0       0       0
      Totals:         0       0       5       0       0       0       0       0       0       0       0       0       0       0
Total ram usage:        5 bytes
 Hardware stack levels used:    1
 Hardware stack levels required when called:    6
 This function calls:
		_bitmapClear
		_drawFrame
		_generateLine
		_shiftUp
 This function is called by:
		_main
 This function uses a non-reentrant model


 *************** function _shiftUp *****************
 Defined at:
		line 162 in file "../fire.c"
 Parameters:    Size  Location     Type
		None
 Auto vars:     Size  Location     Type
  x               1    9[BANK0 ] unsigned char 
  x               1   10[BANK0 ] unsigned char 
  y               1    8[BANK0 ] unsigned char 
  colorRGB        3    0        struct .
 Return value:  Size  Location     Type
		None               void
 Registers used:
		wreg, fsr1l, fsr1h, status,2, status,0
 Tracked objects:
		On entry : 
		On exit  : 
		Unchanged: 
 Data sizes:     COMMON   BANK0   BANK1   BANK2   BANK3   BANK4   BANK5   BANK6   BANK7   BANK8   BANK9  BANK10  BANK11  BANK12
      Params:         0       0       0       0       0       0       0       0       0       0       0       0       0       0
      Locals:         0       3       0       0       0       0       0       0       0       0       0       0       0       0
      Temps:          0       8       0       0       0       0       0       0       0       0       0       0       0       0
      Totals:         0      11       0       0       0       0       0       0       0       0       0       0       0       0
Total ram usage:       11 bytes
 Hardware stack levels used:    1
 Hardware stack levels required when called:    1
 This function calls:
		Nothing
 This function is called by:
		_showTime
 This function uses a non-reentrant model


 *************** function _drawFrame *****************
 Defined at:
		line 180 in file "../fire.c"
 Parameters:    Size  Location     Type
  pcnt            2   44[BANK1 ] int 
 Auto vars:     Size  Location     Type
  x               1    6[BANK2 ] unsigned char 
  x               1    4[BANK2 ] unsigned char 
  y               1    5[BANK2 ] unsigned char 
  colorRGB        3   10[BANK2 ] struct .
  colorHSV        3    7[BANK2 ] struct .
  nextv           2    2[BANK2 ] int 
 Return value:  Size  Location     Type
		None               void
 Registers used:
		wreg, fsr0l, fsr0h, fsr1l, fsr1h, status,2, status,0, pclath, cstack
 Tracked objects:
		On entry : 
		On exit  : 
		Unchanged: 
 Data sizes:     COMMON   BANK0   BANK1   BANK2   BANK3   BANK4   BANK5   BANK6   BANK7   BANK8   BANK9  BANK10  BANK11  BANK12
      Params:         0       0       2       0       0       0       0       0       0       0       0       0       0       0
      Locals:         0       0       0      13       0       0       0       0       0       0       0       0       0       0
      Temps:          0       0      23       0       0       0       0       0       0       0       0       0       0       0
      Totals:         0       0      25      13       0       0       0       0       0       0       0       0       0       0
Total ram usage:       38 bytes
 Hardware stack levels used:    1
 Hardware stack levels required when called:    5
 This function calls:
		_HSVtoRGB
		___awdiv
		___wmul
		_setPixel
 This function is called by:
		_showTime
 This function uses a non-reentrant model


 *************** function _setPixel *****************
 Defined at:
		line 145 in file "../fire.c"
 Parameters:    Size  Location     Type
  x               1    wreg     unsigned char 
  y               1    9[BANK0 ] unsigned char 
  colorR          1   10[BANK0 ] unsigned char 
  colorG          1   11[BANK0 ] unsigned char 
  colorB          1   12[BANK0 ] unsigned char 
 Auto vars:     Size  Location     Type
  x               1   17[BANK0 ] unsigned char 
 Return value:  Size  Location     Type
		None               void
 Registers used:
		wreg, fsr1l, fsr1h, status,2, status,0, pclath, cstack
 Tracked objects:
		On entry : 
		On exit  : 
		Unchanged: 
 Data sizes:     COMMON   BANK0   BANK1   BANK2   BANK3   BANK4   BANK5   BANK6   BANK7   BANK8   BANK9  BANK10  BANK11  BANK12
      Params:         0       4       0       0       0       0       0       0       0       0       0       0       0       0
      Locals:         0       1       0       0       0       0       0       0       0       0       0       0       0       0
      Temps:          0       4       0       0       0       0       0       0       0       0       0       0       0       0
      Totals:         0       9       0       0       0       0       0       0       0       0       0       0       0       0
Total ram usage:        9 bytes
 Hardware stack levels used:    1
 Hardware stack levels required when called:    2
 This function calls:
		_bitmapPutPixel
 This function is called by:
		_drawFrame
 This function uses a non-reentrant model


 *************** function ___wmul *****************
 Defined at:
		line 15 in file "/Applications/microchip/xc8/v1.32/sources/common/Umul16.c"
 Parameters:    Size  Location     Type
  multiplier      2    0[BANK0 ] unsigned int 
  multiplicand    2    2[BANK0 ] unsigned int 
 Auto vars:     Size  Location     Type
  product         2    4[BANK0 ] unsigned int 
 Return value:  Size  Location     Type
                  2    0[BANK0 ] unsigned int 
 Registers used:
		wreg, status,2, status,0
 Tracked objects:
		On entry : 
		On exit  : 
		Unchanged: 
 Data sizes:     COMMON   BANK0   BANK1   BANK2   BANK3   BANK4   BANK5   BANK6   BANK7   BANK8   BANK9  BANK10  BANK11  BANK12
      Params:         0       4       0       0       0       0       0       0       0       0       0       0       0       0
      Locals:         0       2       0       0       0       0       0       0       0       0       0       0       0       0
      Temps:          0       0       0       0       0       0       0       0       0       0       0       0       0       0
      Totals:         0       6       0       0       0       0       0       0       0       0       0       0       0       0
Total ram usage:        6 bytes
 Hardware stack levels used:    1
 Hardware stack levels required when called:    1
 This function calls:
		Nothing
 This function is called by:
		_drawFrame
		_HSL_to_RGB
 This function uses a non-reentrant model


 *************** function _HSVtoRGB *****************
 Defined at:
		line 56 in file "../fire.c"
 Parameters:    Size  Location     Type
  vRGB            1    wreg     PTR void 
		 -> drawFrame@colorRGB(3), 
  vHSV            1   77[BANK0 ] PTR void 
		 -> drawFrame@colorHSV(3), 
 Auto vars:     Size  Location     Type
  vRGB            1   14[BANK1 ] PTR void 
		 -> drawFrame@colorRGB(3), 
  v               3   41[BANK1 ] float 
  p               3   38[BANK1 ] float 
  s               3   35[BANK1 ] float 
  b               3   32[BANK1 ] float 
  g               3   29[BANK1 ] float 
  h               3   24[BANK1 ] float 
  t               3   21[BANK1 ] float 
  q               3   18[BANK1 ] float 
  r               3   15[BANK1 ] float 
  f               3    9[BANK1 ] float 
  i               2   12[BANK1 ] int 
  colorHSV        1   28[BANK1 ] PTR struct .
		 -> drawFrame@colorHSV(3), 
  colorRGB        1   27[BANK1 ] PTR struct .
		 -> drawFrame@colorRGB(3), 
 Return value:  Size  Location     Type
		None               void
 Registers used:
		wreg, fsr0l, fsr0h, fsr1l, fsr1h, status,2, status,0, pclath, cstack
 Tracked objects:
		On entry : 
		On exit  : 
		Unchanged: 
 Data sizes:     COMMON   BANK0   BANK1   BANK2   BANK3   BANK4   BANK5   BANK6   BANK7   BANK8   BANK9  BANK10  BANK11  BANK12
      Params:         0       1       0       0       0       0       0       0       0       0       0       0       0       0
      Locals:         0       0      44       0       0       0       0       0       0       0       0       0       0       0
      Temps:          0       1       0       0       0       0       0       0       0       0       0       0       0       0
      Totals:         0       2      44       0       0       0       0       0       0       0       0       0       0       0
Total ram usage:       46 bytes
 Hardware stack levels used:    1
 Hardware stack levels required when called:    4
 This function calls:
		___awtoft
		___ftadd
		___ftdiv
		___ftmul
		___ftneg
		___fttol
		___lbtoft
		_floor
 This function is called by:
		_drawFrame
 This function uses a non-reentrant model


 *************** function _floor *****************
 Defined at:
		line 13 in file "/Applications/microchip/xc8/v1.32/sources/common/floor.c"
 Parameters:    Size  Location     Type
  x               3   68[BANK0 ] PTR struct .
 Auto vars:     Size  Location     Type
  i               3   72[BANK0 ] PTR struct .
  expon           2   75[BANK0 ] int 
 Return value:  Size  Location     Type
                  3   68[BANK0 ] int 
 Registers used:
		wreg, fsr1l, fsr1h, status,2, status,0, pclath, cstack
 Tracked objects:
		On entry : 
		On exit  : 
		Unchanged: 
 Data sizes:     COMMON   BANK0   BANK1   BANK2   BANK3   BANK4   BANK5   BANK6   BANK7   BANK8   BANK9  BANK10  BANK11  BANK12
      Params:         0       3       0       0       0       0       0       0       0       0       0       0       0       0
      Locals:         0       5       0       0       0       0       0       0       0       0       0       0       0       0
      Temps:          0       1       0       0       0       0       0       0       0       0       0       0       0       0
      Totals:         0       9       0       0       0       0       0       0       0       0       0       0       0       0
Total ram usage:        9 bytes
 Hardware stack levels used:    1
 Hardware stack levels required when called:    3
 This function calls:
		___altoft
		___ftadd
		___ftge
		___fttol
		_frexp
 This function is called by:
		_HSVtoRGB
 This function uses a non-reentrant model


 *************** function _frexp *****************
 Defined at:
		line 254 in file "/Applications/microchip/xc8/v1.32/sources/common/frexp.c"
 Parameters:    Size  Location     Type
  value           3    0[BANK0 ] int 
  eptr            1    3[BANK0 ] PTR int 
		 -> floor@expon(2), 
 Auto vars:     Size  Location     Type
		None
 Return value:  Size  Location     Type
                  3    0[BANK0 ] PTR int 
 Registers used:
		wreg, fsr1l, fsr1h, status,2, status,0
 Tracked objects:
		On entry : 
		On exit  : 
		Unchanged: 
 Data sizes:     COMMON   BANK0   BANK1   BANK2   BANK3   BANK4   BANK5   BANK6   BANK7   BANK8   BANK9  BANK10  BANK11  BANK12
      Params:         0       4       0       0       0       0       0       0       0       0       0       0       0       0
      Locals:         0       0       0       0       0       0       0       0       0       0       0       0       0       0
      Temps:          0       2       0       0       0       0       0       0       0       0       0       0       0       0
      Totals:         0       6       0       0       0       0       0       0       0       0       0       0       0       0
Total ram usage:        6 bytes
 Hardware stack levels used:    1
 Hardware stack levels required when called:    1
 This function calls:
		Nothing
 This function is called by:
		_floor
 This function uses a non-reentrant model


 *************** function ___fttol *****************
 Defined at:
		line 44 in file "/Applications/microchip/xc8/v1.32/sources/common/fttol.c"
 Parameters:    Size  Location     Type
  f1              3   46[BANK0 ] float 
 Auto vars:     Size  Location     Type
  lval            4   55[BANK0 ] unsigned long 
  exp1            1   59[BANK0 ] unsigned char 
  sign1           1   54[BANK0 ] unsigned char 
 Return value:  Size  Location     Type
                  4   46[BANK0 ] long 
 Registers used:
		wreg, status,2, status,0
 Tracked objects:
		On entry : 
		On exit  : 
		Unchanged: 
 Data sizes:     COMMON   BANK0   BANK1   BANK2   BANK3   BANK4   BANK5   BANK6   BANK7   BANK8   BANK9  BANK10  BANK11  BANK12
      Params:         0       4       0       0       0       0       0       0       0       0       0       0       0       0
      Locals:         0       6       0       0       0       0       0       0       0       0       0       0       0       0
      Temps:          0       4       0       0       0       0       0       0       0       0       0       0       0       0
      Totals:         0      14       0       0       0       0       0       0       0       0       0       0       0       0
Total ram usage:       14 bytes
 Hardware stack levels used:    1
 Hardware stack levels required when called:    1
 This function calls:
		Nothing
 This function is called by:
		_HSVtoRGB
		_floor
 This function uses a non-reentrant model


 *************** function ___ftge *****************
 Defined at:
		line 4 in file "/Applications/microchip/xc8/v1.32/sources/common/ftge.c"
 Parameters:    Size  Location     Type
  ff1             3    0[BANK0 ] float 
  ff2             3    3[BANK0 ] float 
 Auto vars:     Size  Location     Type
		None
 Return value:  Size  Location     Type
		None               void
 Registers used:
		wreg, status,2, status,0
 Tracked objects:
		On entry : 
		On exit  : 
		Unchanged: 
 Data sizes:     COMMON   BANK0   BANK1   BANK2   BANK3   BANK4   BANK5   BANK6   BANK7   BANK8   BANK9  BANK10  BANK11  BANK12
      Params:         0       6       0       0       0       0       0       0       0       0       0       0       0       0
      Locals:         0       0       0       0       0       0       0       0       0       0       0       0       0       0
      Temps:          0       3       0       0       0       0       0       0       0       0       0       0       0       0
      Totals:         0       9       0       0       0       0       0       0       0       0       0       0       0       0
Total ram usage:        9 bytes
 Hardware stack levels used:    1
 Hardware stack levels required when called:    1
 This function calls:
		Nothing
 This function is called by:
		_floor
 This function uses a non-reentrant model


 *************** function ___ftadd *****************
 Defined at:
		line 86 in file "/Applications/microchip/xc8/v1.32/sources/common/ftadd.c"
 Parameters:    Size  Location     Type
  f1              3   17[BANK0 ] float 
  f2              3   20[BANK0 ] float 
 Auto vars:     Size  Location     Type
  exp1            1   29[BANK0 ] unsigned char 
  exp2            1   28[BANK0 ] unsigned char 
  sign            1   27[BANK0 ] unsigned char 
 Return value:  Size  Location     Type
                  3   17[BANK0 ] float 
 Registers used:
		wreg, status,2, status,0, pclath, cstack
 Tracked objects:
		On entry : 
		On exit  : 
		Unchanged: 
 Data sizes:     COMMON   BANK0   BANK1   BANK2   BANK3   BANK4   BANK5   BANK6   BANK7   BANK8   BANK9  BANK10  BANK11  BANK12
      Params:         0       6       0       0       0       0       0       0       0       0       0       0       0       0
      Locals:         0       3       0       0       0       0       0       0       0       0       0       0       0       0
      Temps:          0       4       0       0       0       0       0       0       0       0       0       0       0       0
      Totals:         0      13       0       0       0       0       0       0       0       0       0       0       0       0
Total ram usage:       13 bytes
 Hardware stack levels used:    1
 Hardware stack levels required when called:    2
 This function calls:
		___ftpack
 This function is called by:
		_HSVtoRGB
		_floor
 This function uses a non-reentrant model


 *************** function ___altoft *****************
 Defined at:
		line 42 in file "/Applications/microchip/xc8/v1.32/sources/common/altoft.c"
 Parameters:    Size  Location     Type
  c               4   60[BANK0 ] long 
 Auto vars:     Size  Location     Type
  sign            1   67[BANK0 ] unsigned char 
  exp             1   66[BANK0 ] unsigned char 
 Return value:  Size  Location     Type
                  3   60[BANK0 ] float 
 Registers used:
		wreg, status,2, status,0, pclath, cstack
 Tracked objects:
		On entry : 
		On exit  : 
		Unchanged: 
 Data sizes:     COMMON   BANK0   BANK1   BANK2   BANK3   BANK4   BANK5   BANK6   BANK7   BANK8   BANK9  BANK10  BANK11  BANK12
      Params:         0       4       0       0       0       0       0       0       0       0       0       0       0       0
      Locals:         0       2       0       0       0       0       0       0       0       0       0       0       0       0
      Temps:          0       2       0       0       0       0       0       0       0       0       0       0       0       0
      Totals:         0       8       0       0       0       0       0       0       0       0       0       0       0       0
Total ram usage:        8 bytes
 Hardware stack levels used:    1
 Hardware stack levels required when called:    2
 This function calls:
		___ftpack
 This function is called by:
		_floor
 This function uses a non-reentrant model


 *************** function ___lbtoft *****************
 Defined at:
		line 27 in file "/Applications/microchip/xc8/v1.32/sources/common/lbtoft.c"
 Parameters:    Size  Location     Type
  c               1    wreg     unsigned char 
 Auto vars:     Size  Location     Type
  c               1   15[BANK0 ] unsigned char 
 Return value:  Size  Location     Type
                  3    8[BANK0 ] float 
 Registers used:
		wreg, status,2, status,0, pclath, cstack
 Tracked objects:
		On entry : 
		On exit  : 
		Unchanged: 
 Data sizes:     COMMON   BANK0   BANK1   BANK2   BANK3   BANK4   BANK5   BANK6   BANK7   BANK8   BANK9  BANK10  BANK11  BANK12
      Params:         0       3       0       0       0       0       0       0       0       0       0       0       0       0
      Locals:         0       1       0       0       0       0       0       0       0       0       0       0       0       0
      Temps:          0       4       0       0       0       0       0       0       0       0       0       0       0       0
      Totals:         0       8       0       0       0       0       0       0       0       0       0       0       0       0
Total ram usage:        8 bytes
 Hardware stack levels used:    1
 Hardware stack levels required when called:    2
 This function calls:
		___ftpack
 This function is called by:
		_HSVtoRGB
 This function uses a non-reentrant model


 *************** function ___ftneg *****************
 Defined at:
		line 15 in file "/Applications/microchip/xc8/v1.32/sources/common/ftneg.c"
 Parameters:    Size  Location     Type
  f1              3   14[BANK0 ] float 
 Auto vars:     Size  Location     Type
		None
 Return value:  Size  Location     Type
                  3   14[BANK0 ] float 
 Registers used:
		wreg
 Tracked objects:
		On entry : 
		On exit  : 
		Unchanged: 
 Data sizes:     COMMON   BANK0   BANK1   BANK2   BANK3   BANK4   BANK5   BANK6   BANK7   BANK8   BANK9  BANK10  BANK11  BANK12
      Params:         0       3       0       0       0       0       0       0       0       0       0       0       0       0
      Locals:         0       0       0       0       0       0       0       0       0       0       0       0       0       0
      Temps:          0       0       0       0       0       0       0       0       0       0       0       0       0       0
      Totals:         0       3       0       0       0       0       0       0       0       0       0       0       0       0
Total ram usage:        3 bytes
 Hardware stack levels used:    1
 Hardware stack levels required when called:    1
 This function calls:
		Nothing
 This function is called by:
		_HSVtoRGB
 This function uses a non-reentrant model


 *************** function ___ftmul *****************
 Defined at:
		line 62 in file "/Applications/microchip/xc8/v1.32/sources/common/ftmul.c"
 Parameters:    Size  Location     Type
  f1              3   30[BANK0 ] float 
  f2              3   33[BANK0 ] float 
 Auto vars:     Size  Location     Type
  f3_as_produc    3   41[BANK0 ] unsigned um
  sign            1   45[BANK0 ] unsigned char 
  cntr            1   44[BANK0 ] unsigned char 
  exp             1   40[BANK0 ] unsigned char 
[...]
      Locals:         0       4       0       0       0       0       0       0       0       0       0       0       0       0
      Temps:          0       1       0       0       0       0       0       0       0       0       0       0       0       0
      Totals:         0       9       0       0       0       0       0       0       0       0       0       0       0       0
Total ram usage:        9 bytes
 Hardware stack levels used:    1
 Hardware stack levels required when called:    1
 This function calls:
		Nothing
 This function is called by:
		_setTime
		_drawFrame
 This function uses a non-reentrant model


 *************** function _init *****************
 Defined at:
		line 225 in file "../main.c"
 Parameters:    Size  Location     Type
		None
 Auto vars:     Size  Location     Type
		None
 Return value:  Size  Location     Type
                  1    wreg      unsigned char 
 Registers used:
		wreg, fsr1l, fsr1h, status,2, status,0, pclath, cstack
 Tracked objects:
		On entry : 
		On exit  : 
		Unchanged: 
 Data sizes:     COMMON   BANK0   BANK1   BANK2   BANK3   BANK4   BANK5   BANK6   BANK7   BANK8   BANK9  BANK10  BANK11  BANK12
      Params:         0       0       0       0       0       0       0       0       0       0       0       0       0       0
      Locals:         0       0       0       0       0       0       0       0       0       0       0       0       0       0
      Temps:          0       1       0       0       0       0       0       0       0       0       0       0       0       0
      Totals:         0       1       0       0       0       0       0       0       0       0       0       0       0       0
Total ram usage:        1 bytes
 Hardware stack levels used:    1
 Hardware stack levels required when called:    5
 This function calls:
		_DelayMs
		_bitmapClear
		_setup
 This function is called by:
		_main
 This function uses a non-reentrant model


 *************** function _setup *****************
 Defined at:
		line 214 in file "../fire.c"
 Parameters:    Size  Location     Type
		None
 Auto vars:     Size  Location     Type
  x               1   32[BANK0 ] unsigned char 
  y               1   31[BANK0 ] unsigned char 
 Return value:  Size  Location     Type
		None               void
 Registers used:
		wreg, fsr1l, fsr1h, status,2, status,0, pclath, cstack
 Tracked objects:
		On entry : 
		On exit  : 
		Unchanged: 
 Data sizes:     COMMON   BANK0   BANK1   BANK2   BANK3   BANK4   BANK5   BANK6   BANK7   BANK8   BANK9  BANK10  BANK11  BANK12
      Params:         0       0       0       0       0       0       0       0       0       0       0       0       0       0
      Locals:         0       2       0       0       0       0       0       0       0       0       0       0       0       0
      Temps:          0       3       0       0       0       0       0       0       0       0       0       0       0       0
      Totals:         0       5       0       0       0       0       0       0       0       0       0       0       0       0
Total ram usage:        5 bytes
 Hardware stack levels used:    1
 Hardware stack levels required when called:    4
 This function calls:
		_generateLine
		_srand
 This function is called by:
		_init
 This function uses a non-reentrant model


 *************** function _generateLine *****************
 Defined at:
		line 153 in file "../fire.c"
 Parameters:    Size  Location     Type
		None
 Auto vars:     Size  Location     Type
  x               1   27[BANK0 ] unsigned char 
 Return value:  Size  Location     Type
		None               void
 Registers used:
		wreg, fsr1l, fsr1h, status,2, status,0, pclath, cstack
 Tracked objects:
		On entry : 
		On exit  : 
		Unchanged: 
 Data sizes:     COMMON   BANK0   BANK1   BANK2   BANK3   BANK4   BANK5   BANK6   BANK7   BANK8   BANK9  BANK10  BANK11  BANK12
      Params:         0       0       0       0       0       0       0       0       0       0       0       0       0       0
      Locals:         0       1       0       0       0       0       0       0       0       0       0       0       0       0
      Temps:          0       1       0       0       0       0       0       0       0       0       0       0       0       0
      Totals:         0       2       0       0       0       0       0       0       0       0       0       0       0       0
Total ram usage:        2 bytes
 Hardware stack levels used:    1
 Hardware stack levels required when called:    3
 This function calls:
		___awmod
		_rand
 This function is called by:
		_showTime
		_setup
 This function uses a non-reentrant model


 *************** function _rand *****************
 Defined at:
		line 13 in file "/Applications/microchip/xc8/v1.32/sources/common/rand.c"
 Parameters:    Size  Location     Type
		None
 Auto vars:     Size  Location     Type
		None
 Return value:  Size  Location     Type
                  2   12[BANK0 ] int 
 Registers used:
		wreg, status,2, status,0, pclath, cstack
 Tracked objects:
		On entry : 
		On exit  : 
		Unchanged: 
 Data sizes:     COMMON   BANK0   BANK1   BANK2   BANK3   BANK4   BANK5   BANK6   BANK7   BANK8   BANK9  BANK10  BANK11  BANK12
      Params:         0       2       0       0       0       0       0       0       0       0       0       0       0       0
      Locals:         0       0       0       0       0       0       0       0       0       0       0       0       0       0
      Temps:          0       5       0       0       0       0       0       0       0       0       0       0       0       0
      Totals:         0       7       0       0       0       0       0       0       0       0       0       0       0       0
Total ram usage:        7 bytes
 Hardware stack levels used:    1
 Hardware stack levels required when called:    2
 This function calls:
		___lmul
		_srand
 This function is called by:
		_generateLine
 This function uses a non-reentrant model


 *************** function _srand *****************
 Defined at:
		line 7 in file "/Applications/microchip/xc8/v1.32/sources/common/rand.c"
 Parameters:    Size  Location     Type
  x               2    0[BANK0 ] unsigned int 
 Auto vars:     Size  Location     Type
		None
 Return value:  Size  Location     Type
		None               void
 Registers used:
		wreg
 Tracked objects:
		On entry : 
		On exit  : 
		Unchanged: 
 Data sizes:     COMMON   BANK0   BANK1   BANK2   BANK3   BANK4   BANK5   BANK6   BANK7   BANK8   BANK9  BANK10  BANK11  BANK12
      Params:         0       2       0       0       0       0       0       0       0       0       0       0       0       0
      Locals:         0       0       0       0       0       0       0       0       0       0       0       0       0       0
      Temps:          0       0       0       0       0       0       0       0       0       0       0       0       0       0
      Totals:         0       2       0       0       0       0       0       0       0       0       0       0       0       0
Total ram usage:        2 bytes
 Hardware stack levels used:    1
 Hardware stack levels required when called:    1
 This function calls:
		Nothing
 This function is called by:
		_setup
		_rand
 This function uses a non-reentrant model


 *************** function ___awmod *****************
 Defined at:
		line 6 in file "/Applications/microchip/xc8/v1.32/sources/common/awmod.c"
 Parameters:    Size  Location     Type
  divisor         2   19[BANK0 ] int 
  dividend        2   21[BANK0 ] int 
 Auto vars:     Size  Location     Type
  sign            1   25[BANK0 ] unsigned char 
  counter         1   24[BANK0 ] unsigned char 
 Return value:  Size  Location     Type
                  2   19[BANK0 ] int 
 Registers used:
		wreg, status,2, status,0
 Tracked objects:
		On entry : 
		On exit  : 
		Unchanged: 
 Data sizes:     COMMON   BANK0   BANK1   BANK2   BANK3   BANK4   BANK5   BANK6   BANK7   BANK8   BANK9  BANK10  BANK11  BANK12
      Params:         0       4       0       0       0       0       0       0       0       0       0       0       0       0
      Locals:         0       2       0       0       0       0       0       0       0       0       0       0       0       0
      Temps:          0       1       0       0       0       0       0       0       0       0       0       0       0       0
      Totals:         0       7       0       0       0       0       0       0       0       0       0       0       0       0
Total ram usage:        7 bytes
 Hardware stack levels used:    1
 Hardware stack levels required when called:    1
 This function calls:
		Nothing
 This function is called by:
		_setTime
		_generateLine
 This function uses a non-reentrant model


 *************** function _bitmapClear *****************
 Defined at:
		line 686 in file "../main.c"
 Parameters:    Size  Location     Type
		None
 Auto vars:     Size  Location     Type
  i               1    1[BANK0 ] unsigned char 
 Return value:  Size  Location     Type
		None               void
 Registers used:
		wreg, fsr1l, fsr1h, status,2, status,0
 Tracked objects:
		On entry : 
		On exit  : 
		Unchanged: 
 Data sizes:     COMMON   BANK0   BANK1   BANK2   BANK3   BANK4   BANK5   BANK6   BANK7   BANK8   BANK9  BANK10  BANK11  BANK12
      Params:         0       0       0       0       0       0       0       0       0       0       0       0       0       0
      Locals:         0       1       0       0       0       0       0       0       0       0       0       0       0       0
      Temps:          0       1       0       0       0       0       0       0       0       0       0       0       0       0
      Totals:         0       2       0       0       0       0       0       0       0       0       0       0       0       0
Total ram usage:        2 bytes
 Hardware stack levels used:    1
 Hardware stack levels required when called:    1
 This function calls:
		Nothing
 This function is called by:
		_init
		_setTime
		_showTime
 This function uses a non-reentrant model


 *************** function _DelayMs *****************
 Defined at:
		line 175 in file "/Applications/microchip/microchip_solutions_v2013-06-15/Microchip/Common/TimeDelay.c"
 Parameters:    Size  Location     Type
  ms              2   12[BANK0 ] unsigned short 
 Auto vars:     Size  Location     Type
  cyclesRequir    4   15[BANK0 ] long 
 Return value:  Size  Location     Type
		None               void
 Registers used:
		wreg, status,2, status,0, pclath, cstack
 Tracked objects:
		On entry : 
		On exit  : 
		Unchanged: 
 Data sizes:     COMMON   BANK0   BANK1   BANK2   BANK3   BANK4   BANK5   BANK6   BANK7   BANK8   BANK9  BANK10  BANK11  BANK12
      Params:         0       2       0       0       0       0       0       0       0       0       0       0       0       0
      Locals:         0       4       0       0       0       0       0       0       0       0       0       0       0       0
      Temps:          0       1       0       0       0       0       0       0       0       0       0       0       0       0
      Totals:         0       7       0       0       0       0       0       0       0       0       0       0       0       0
Total ram usage:        7 bytes
 Hardware stack levels used:    1
 Hardware stack levels required when called:    2
 This function calls:
		___lmul
 This function is called by:
		_init
		_setTime
 This function uses a non-reentrant model


 *************** function ___lmul *****************
 Defined at:
		line 15 in file "/Applications/microchip/xc8/v1.32/sources/common/Umul32.c"
 Parameters:    Size  Location     Type
  multiplier      4    0[BANK0 ] unsigned long 
  multiplicand    4    4[BANK0 ] unsigned long 
 Auto vars:     Size  Location     Type
  product         4    8[BANK0 ] unsigned long 
 Return value:  Size  Location     Type
                  4    0[BANK0 ] unsigned long 
 Registers used:
		wreg, status,2, status,0
 Tracked objects:
		On entry : 
		On exit  : 
		Unchanged: 
 Data sizes:     COMMON   BANK0   BANK1   BANK2   BANK3   BANK4   BANK5   BANK6   BANK7   BANK8   BANK9  BANK10  BANK11  BANK12
      Params:         0       8       0       0       0       0       0       0       0       0       0       0       0       0
      Locals:         0       4       0       0       0       0       0       0       0       0       0       0       0       0
      Temps:          0       0       0       0       0       0       0       0       0       0       0       0       0       0
      Totals:         0      12       0       0       0       0       0       0       0       0       0       0       0       0
Total ram usage:       12 bytes
 Hardware stack levels used:    1
 Hardware stack levels required when called:    1
 This function calls:
		Nothing
 This function is called by:
		_DelayMs
		_rand
		_Delay10us
 This function uses a non-reentrant model


 *************** function _fastClock *****************
 Defined at:
		line 970 in file "../main.c"
 Parameters:    Size  Location     Type
		None
 Auto vars:     Size  Location     Type
		None
 Return value:  Size  Location     Type
		None               void
 Registers used:
		wreg
 Tracked objects:
		On entry : 
		On exit  : 
		Unchanged: 
 Data sizes:     COMMON   BANK0   BANK1   BANK2   BANK3   BANK4   BANK5   BANK6   BANK7   BANK8   BANK9  BANK10  BANK11  BANK12
      Params:         0       0       0       0       0       0       0       0       0       0       0       0       0       0
      Locals:         0       0       0       0       0       0       0       0       0       0       0       0       0       0
      Temps:          0       0       0       0       0       0       0       0       0       0       0       0       0       0
      Totals:         0       0       0       0       0       0       0       0       0       0       0       0       0       0
Total ram usage:        0 bytes
 Hardware stack levels used:    1
 Hardware stack levels required when called:    1
 This function calls:
		Nothing
 This function is called by:
		_main
 This function uses a non-reentrant model


 *************** function _isr *****************
 Defined at:
		line 333 in file "../main.c"
 Parameters:    Size  Location     Type
		None
 Auto vars:     Size  Location     Type
  currentRefre    1    8[COMMON] unsigned char 
  rowValueTemp    1    7[COMMON] unsigned char 
  rowValueTemp    1    6[COMMON] unsigned char 
  rowValueTemp    1    5[COMMON] unsigned char 
 Return value:  Size  Location     Type
		None               void
 Registers used:
		wreg, fsr0l, fsr0h, fsr1l, fsr1h, status,2, status,0
 Tracked objects:
		On entry : 
		On exit  : 
		Unchanged: 
 Data sizes:     COMMON   BANK0   BANK1   BANK2   BANK3   BANK4   BANK5   BANK6   BANK7   BANK8   BANK9  BANK10  BANK11  BANK12
      Params:         0       0       0       0       0       0       0       0       0       0       0       0       0       0
      Locals:         4       0       0       0       0       0       0       0       0       0       0       0       0       0
      Temps:          5       0       0       0       0       0       0       0       0       0       0       0       0       0
      Totals:         9       0       0       0       0       0       0       0       0       0       0       0       0       0
Total ram usage:        9 bytes
 Hardware stack levels used:    1
 This function calls:
		Nothing
 This function is called by:
		Interrupt level 1
 This function uses a non-reentrant model



MODULE INFORMATION

Module		Function		Class		Link	Load	Size
../main.c
		_init          		CODE           	0B35	0000	131
		_bitmapClear   		CODE           	1709	0000	18
		_showTime      		CODE           	087C	0000	60
		_fastClock     		CODE           	16E9	0000	6
		_bitmapPutPixel		CODE           	0985	0000	76
		_main          		CODE           	093D	0000	72
		_isr           		CODE           	0004	0000	285
		_setTime       		CODE           	0495	0000	506

../main.c estimated size: 1154

/Applications/microchip/xc8/v1.32/sources/common/awtoft.c
		___awtoft      		CODE           	1754	0000	34

/Applications/microchip/xc8/v1.32/sources/common/awtoft.c estimated size: 34

/Applications/microchip/xc8/v1.32/sources/common/lbtoft.c
		___lbtoft      		CODE           	171B	0000	27

/Applications/microchip/xc8/v1.32/sources/common/lbtoft.c estimated size: 27

/Applications/microchip/xc8/v1.32/sources/common/altoft.c
		___altoft      		CODE           	08B8	0000	61

/Applications/microchip/xc8/v1.32/sources/common/altoft.c estimated size: 61

/Applications/microchip/xc8/v1.32/sources/common/awdiv.c
		___awdiv       		CODE           	09D1	0000	84

/Applications/microchip/xc8/v1.32/sources/common/awdiv.c estimated size: 84

/Applications/microchip/xc8/v1.32/sources/common/fttol.c
		___fttol       		CODE           	0C3D	0000	135

/Applications/microchip/xc8/v1.32/sources/common/fttol.c estimated size: 135

/Applications/microchip/xc8/v1.32/sources/common/ftge.c
		___ftge        		CODE           	0840	0000	60

/Applications/microchip/xc8/v1.32/sources/common/ftge.c estimated size: 60

/Applications/microchip/xc8/v1.32/sources/common/ftadd.c
		___ftadd       		CODE           	068F	0000	246

/Applications/microchip/xc8/v1.32/sources/common/ftadd.c estimated size: 246

../fire.c
		_shiftUp       		CODE           	0785	0000	97
		_setPixel      		CODE           	07E6	0000	26
		_HSVtoRGB      		CODE           	0153	0000	834
		_generateLine  		CODE           	1776	0000	38
		_setup         		CODE           	17CC	0000	52
		_drawFrame     		CODE           	0E21	0000	479

../fire.c estimated size: 1526

/Applications/microchip/xc8/v1.32/sources/common/rand.c
		_srand         		CODE           	16FB	0000	14
		_rand          		CODE           	0A7B	0000	89

/Applications/microchip/xc8/v1.32/sources/common/rand.c estimated size: 103

/Applications/microchip/xc8/v1.32/sources/common/Umul16.c
		___wmul        		CODE           	1736	0000	30

/Applications/microchip/xc8/v1.32/sources/common/Umul16.c estimated size: 30

/Applications/microchip/xc8/v1.32/sources/common/ftneg.c
		___ftneg       		CODE           	0801	0000	9

/Applications/microchip/xc8/v1.32/sources/common/ftneg.c estimated size: 9

shared
		__initializatio		CODE           	0123	0000	44
		_hueMask       		STRCODE        	1000	0000	64
		_valueMask     		STRCODE        	1040	0000	64

shared estimated size: 172

/Applications/microchip/microchip_solutions_v2013-06-15/Microchip/Common/TimeDelay.c
		_DelayMs       		CODE           	0A25	0000	86

/Applications/microchip/microchip_solutions_v2013-06-15/Microchip/Common/TimeDelay.c estimated size: 86

/Applications/microchip/xc8/v1.32/sources/pic/ftdiv.c
		___ftdiv       		CODE           	0CC4	0000	169

/Applications/microchip/xc8/v1.32/sources/pic/ftdiv.c estimated size: 169

/Applications/microchip/xc8/v1.32/sources/common/float.c
		___ftpack      		CODE           	0AD4	0000	97

/Applications/microchip/xc8/v1.32/sources/common/float.c estimated size: 97

/Applications/microchip/xc8/v1.32/sources/common/awmod.c
		___awmod       		CODE           	08F5	0000	72

/Applications/microchip/xc8/v1.32/sources/common/awmod.c estimated size: 72

/Applications/microchip/xc8/v1.32/sources/common/frexp.c
		_frexp         		CODE           	080A	0000	54

/Applications/microchip/xc8/v1.32/sources/common/frexp.c estimated size: 54

/Applications/microchip/xc8/v1.32/sources/common/Umul32.c
		___lmul        		CODE           	179C	0000	48

/Applications/microchip/xc8/v1.32/sources/common/Umul32.c estimated size: 48

/Applications/microchip/xc8/v1.32/sources/common/floor.c
		_floor         		CODE           	0BB8	0000	133

/Applications/microchip/xc8/v1.32/sources/common/floor.c estimated size: 133

/Applications/microchip/xc8/v1.32/sources/common/ftmul.c
		___ftmul       		CODE           	0D6D	0000	180

/Applications/microchip/xc8/v1.32/sources/common/ftmul.c estimated size: 180

